// Jest Snapshot v1, https://goo.gl/fbAQLP

exports[`rc-footer render Footer 1`] = `
<Footer
  bottom="Made with ❤️ by AFX"
  columns={
    Array [
      Object {
        "items": Array [
          Object {
            "openExternal": true,
            "title": "Ant Design Pro",
            "url": "https://pro.ant.design/",
          },
          Object {
            "openExternal": true,
            "title": "Ant Design Mobile",
            "url": "https://mobile.ant.design/",
          },
          Object {
            "description": "Sketch 工具集",
            "title": "Kitchen",
            "url": "https://kitchen.alipay.com/",
          },
        ],
        "title": "相关资源",
      },
      Object {
        "items": Array [
          Object {
            "openExternal": true,
            "title": "Ant Design Pro",
            "url": "https://pro.ant.design/",
          },
          Object {
            "openExternal": true,
            "title": "Ant Design Mobile",
            "url": "https://mobile.ant.design/",
          },
          Object {
            "description": "Sketch 工具集",
            "title": "Kitchen",
            "url": "https://kitchen.alipay.com/",
          },
        ],
        "title": "社区",
      },
      Object {
        "items": Array [
          Object {
            "openExternal": true,
            "title": "Ant Design Pro",
            "url": "https://pro.ant.design/",
          },
          Object {
            "openExternal": true,
            "title": "Ant Design Mobile",
            "url": "https://mobile.ant.design/",
          },
          Object {
            "description": "Sketch 工具集",
            "title": "Kitchen",
            "url": "https://kitchen.alipay.com/",
          },
        ],
        "title": "帮助",
      },
      Object {
        "icon": <img
          alt="more products"
          src="https://gw.alipayobjects.com/zos/rmsportal/nBVXkrFdWHxbZlmMbsaH.svg"
        />,
        "items": Array [
          Object {
            "description": "知识创作与分享工具",
            "icon": <img
              alt="yuque"
              src="https://gw.alipayobjects.com/zos/rmsportal/XuVpGqBFxXplzvLjJBZB.svg"
            />,
            "openExternal": true,
            "title": "语雀",
            "url": "https://yuque.com",
          },
          Object {
            "description": "中台建站平台",
            "icon": <img
              alt="yuque"
              src="https://gw.alipayobjects.com/zos/rmsportal/uHocHZfNWZOdsRUonZNr.png"
            />,
            "openExternal": true,
            "title": "云凤蝶",
            "url": "https://yunfengdie.com",
          },
        ],
        "title": "更多产品",
      },
    ]
  }
>
  <footer
    className="rc-footer"
  >
    <section
      className="rc-footer-container"
    >
      <section
        className="rc-footer-columns"
      >
        <Column
          items={
            Array [
              Object {
                "openExternal": true,
                "title": "Ant Design Pro",
                "url": "https://pro.ant.design/",
              },
              Object {
                "openExternal": true,
                "title": "Ant Design Mobile",
                "url": "https://mobile.ant.design/",
              },
              Object {
                "description": "Sketch 工具集",
                "title": "Kitchen",
                "url": "https://kitchen.alipay.com/",
              },
            ]
          }
          key="0"
          prefixCls="rc-footer"
          title="相关资源"
        >
          <div
            className="rc-footer-column"
          >
            <h2>
              相关资源
            </h2>
            <div
              className="rc-footer-item"
              key="0"
            >
              <a
                href="https://pro.ant.design/"
                target="_blank"
              >
                Ant Design Pro
              </a>
            </div>
            <div
              className="rc-footer-item"
              key="1"
            >
              <a
                href="https://mobile.ant.design/"
                target="_blank"
              >
                Ant Design Mobile
              </a>
            </div>
            <div
              className="rc-footer-item"
              key="2"
            >
              <a
                href="https://kitchen.alipay.com/"
              >
                Kitchen
              </a>
              <span
                className="rc-footer-item-separator"
              >
                -
              </span>
              <span
                className="rc-footer-item-description"
              >
                Sketch 工具集
              </span>
            </div>
          </div>
        </Column>
        <Column
          items={
            Array [
              Object {
                "openExternal": true,
                "title": "Ant Design Pro",
                "url": "https://pro.ant.design/",
              },
              Object {
                "openExternal": true,
                "title": "Ant Design Mobile",
                "url": "https://mobile.ant.design/",
              },
              Object {
                "description": "Sketch 工具集",
                "title": "Kitchen",
                "url": "https://kitchen.alipay.com/",
              },
            ]
          }
          key="1"
          prefixCls="rc-footer"
          title="社区"
        >
          <div
            className="rc-footer-column"
          >
            <h2>
              社区
            </h2>
            <div
              className="rc-footer-item"
              key="0"
            >
              <a
                href="https://pro.ant.design/"
                target="_blank"
              >
                Ant Design Pro
              </a>
            </div>
            <div
              className="rc-footer-item"
              key="1"
            >
              <a
                href="https://mobile.ant.design/"
                target="_blank"
              >
                Ant Design Mobile
              </a>
            </div>
            <div
              className="rc-footer-item"
              key="2"
            >
              <a
                href="https://kitchen.alipay.com/"
              >
                Kitchen
              </a>
              <span
                className="rc-footer-item-separator"
              >
                -
              </span>
              <span
                className="rc-footer-item-description"
              >
                Sketch 工具集
              </span>
            </div>
          </div>
        </Column>
        <Column
          items={
            Array [
              Object {
                "openExternal": true,
                "title": "Ant Design Pro",
                "url": "https://pro.ant.design/",
              },
              Object {
                "openExternal": true,
                "title": "Ant Design Mobile",
                "url": "https://mobile.ant.design/",
              },
              Object {
                "description": "Sketch 工具集",
                "title": "Kitchen",
                "url": "https://kitchen.alipay.com/",
              },
            ]
          }
          key="2"
          prefixCls="rc-footer"
          title="帮助"
        >
          <div
            className="rc-footer-column"
          >
            <h2>
              帮助
            </h2>
            <div
              className="rc-footer-item"
              key="0"
            >
              <a
                href="https://pro.ant.design/"
                target="_blank"
              >
                Ant Design Pro
              </a>
            </div>
            <div
              className="rc-footer-item"
              key="1"
            >
              <a
                href="https://mobile.ant.design/"
                target="_blank"
              >
                Ant Design Mobile
              </a>
            </div>
            <div
              className="rc-footer-item"
              key="2"
            >
              <a
                href="https://kitchen.alipay.com/"
              >
                Kitchen
              </a>
              <span
                className="rc-footer-item-separator"
              >
                -
              </span>
              <span
                className="rc-footer-item-description"
              >
                Sketch 工具集
              </span>
            </div>
          </div>
        </Column>
        <Column
          icon={
            <img
              alt="more products"
              src="https://gw.alipayobjects.com/zos/rmsportal/nBVXkrFdWHxbZlmMbsaH.svg"
            />
          }
          items={
            Array [
              Object {
                "description": "知识创作与分享工具",
                "icon": <img
                  alt="yuque"
                  src="https://gw.alipayobjects.com/zos/rmsportal/XuVpGqBFxXplzvLjJBZB.svg"
                />,
                "openExternal": true,
                "title": "语雀",
                "url": "https://yuque.com",
              },
              Object {
                "description": "中台建站平台",
                "icon": <img
                  alt="yuque"
                  src="https://gw.alipayobjects.com/zos/rmsportal/uHocHZfNWZOdsRUonZNr.png"
                />,
                "openExternal": true,
                "title": "云凤蝶",
                "url": "https://yunfengdie.com",
              },
            ]
          }
          key="3"
          prefixCls="rc-footer"
          title="更多产品"
        >
          <div
            className="rc-footer-column"
          >
            <h2>
              <span
                className="rc-footer-column-icon"
              >
                <img
                  alt="more products"
                  src="https://gw.alipayobjects.com/zos/rmsportal/nBVXkrFdWHxbZlmMbsaH.svg"
                />
              </span>
              更多产品
            </h2>
            <div
              className="rc-footer-item"
              key="0"
            >
              <a
                href="https://yuque.com"
                target="_blank"
              >
                <span
                  className="rc-footer-item-icon"
                >
                  <img
                    alt="yuque"
                    src="https://gw.alipayobjects.com/zos/rmsportal/XuVpGqBFxXplzvLjJBZB.svg"
                  />
                </span>
                语雀
              </a>
              <span
                className="rc-footer-item-separator"
              >
                -
              </span>
              <span
                className="rc-footer-item-description"
              >
                知识创作与分享工具
              </span>
            </div>
            <div
              className="rc-footer-item"
              key="1"
            >
              <a
                href="https://yunfengdie.com"
                target="_blank"
              >
                <span
                  className="rc-footer-item-icon"
                >
                  <img
                    alt="yuque"
                    src="https://gw.alipayobjects.com/zos/rmsportal/uHocHZfNWZOdsRUonZNr.png"
                  />
                </span>
                云凤蝶
              </a>
              <span
                className="rc-footer-item-separator"
              >
                -
              </span>
              <span
                className="rc-footer-item-description"
              >
                中台建站平台
              </span>
            </div>
          </div>
        </Column>
      </section>
    </section>
    <section
      className="rc-footer-bottom"
    >
      <div
        className="rc-footer-bottom-container"
      >
        Made with ❤️ by AFX
      </div>
    </section>
  </footer>
</Footer>
`;

exports[`rc-footer render empty Footer 1`] = `
<Footer>
  <footer
    className="rc-footer"
  >
    <section
      className="rc-footer-container"
    />
  </footer>
</Footer>
`;
